// Jest Snapshot v1, https://goo.gl/fbAQLP

exports[`Home renders Home component 1`] = `undefined`;

exports[`Navbar renders Navbar component 1`] = `undefined`;
