// Jest Snapshot v1, https://goo.gl/fbAQLP

exports[`Navbar renders Navbar component 1`] = `undefined`;
